---
source: crates/backends/postgres/tests/postgres.rs
expression: markdown
---
# Database: `types`

## Database

### `dbmd_test_8d27cbfe4ca0f203`

**Owner:** `postgres`

**Encoding:** `UTF8`

**Locale provider:** `libc`

**LC_COLLATE:** `en_US.utf8`

**LC_CTYPE:** `en_US.utf8`

**Tablespace:** `pg_default`

**Template:** no

**Allows connections:** yes

**Connection limit:** -1



## Namespaces

| Name | Owner | Comment |
|---|---|---|
| `public` | `pg_database_owner` | standard public schema |
| `type_system` | `postgres` | - |


## Base and Shell Types

### `type_system.pending_value`

Forward-declared shell type

**Kind:** `shell`

**Owner:** `postgres`

```sql
CREATE TYPE "type_system"."pending_value";
```


### `type_system.scalar_token`

Integer-backed application token

**Kind:** `base`

**Owner:** `postgres`

**Input:** `type_system.scalar_token_in`

**Output:** `type_system.scalar_token_out`

**Internal length:** 4

**Passed by value:** yes

**Category:** `N`

**Preferred:** yes

**Delimiter:** `,`

**Alignment:** `int4`

**Storage:** `plain`

**Collatable:** no

**Default:** `0`

**Array type:** `type_system._scalar_token`

```sql
CREATE TYPE "type_system"."scalar_token" (
    INPUT = type_system.scalar_token_in,
    OUTPUT = type_system.scalar_token_out,
    INTERNALLENGTH = 4,
    PASSEDBYVALUE,
    ALIGNMENT = int4,
    STORAGE = plain,
    CATEGORY = 'N',
    PREFERRED = true,
    DEFAULT = '0',
    ARRAY_TYPE = type_system._scalar_token
);
```


## Range and Multirange Types

### `type_system.measurement_range`

One continuous measurement interval

**Kind:** `range`

**Owner:** `postgres`

**Subtype:** `double precision`

**Subtype operator class:** `pg_catalog.float8_ops`

**Multirange:** `type_system.measurement_ranges`

**Multirange owner:** `postgres`

**Subtype difference:** `pg_catalog.float8mi`

**Multirange comment:** Disjoint measurement intervals

```sql
CREATE TYPE "type_system"."measurement_range" AS RANGE (
    SUBTYPE = double precision,
    SUBTYPE_OPCLASS = pg_catalog.float8_ops,
    SUBTYPE_DIFF = pg_catalog.float8mi,
    MULTIRANGE_TYPE_NAME = "type_system"."measurement_ranges"
);
```


## Tables

### `type_system.measurements`

#### Columns

| Column | Type | Nullable | Default | Notes |
|---|---|---|---|---|
| `token` | `type_system.scalar_token` | no | - | storage `plain` |
| `accepted` | `type_system.measurement_range` | no | - | storage `extended` |
| `historical` | `type_system.measurement_ranges` | no | - | storage `extended` |


#### Constraints

| Name | Kind | Columns | Details |
|---|---|---|---|
| `measurements_accepted_not_null` | `not_null` | `accepted` | `NOT NULL accepted` |
| `measurements_historical_not_null` | `not_null` | `historical` | `NOT NULL historical` |
| `measurements_token_not_null` | `not_null` | `token` | `NOT NULL token` |


#### PostgreSQL

**Kind:** `table`

**Owner:** `postgres`

**Persistence:** `permanent`

**Replica identity:** `default`

**Access method:** `heap`



## Functions

### `type_system.scalar_token_in(cstring)`

**Kind:** `ordinary`

**Arguments:** `cstring`

**Returns:** `type_system.scalar_token`

**Owner:** `postgres`

**Language:** `internal`

**Volatility:** `immutable`

**Parallel:** `unsafe`

**Security:** `invoker`

**Null input:** strict

**Leakproof:** no

**Returns set:** no

**Cost:** 1

```sql
CREATE OR REPLACE FUNCTION type_system.scalar_token_in(cstring)
 RETURNS type_system.scalar_token
 LANGUAGE internal
 IMMUTABLE STRICT
AS $function$int4in$function$

```


### `type_system.scalar_token_out(type_system.scalar_token)`

**Kind:** `ordinary`

**Arguments:** `type_system.scalar_token`

**Returns:** `cstring`

**Owner:** `postgres`

**Language:** `internal`

**Volatility:** `immutable`

**Parallel:** `unsafe`

**Security:** `invoker`

**Null input:** strict

**Leakproof:** no

**Returns set:** no

**Cost:** 1

```sql
CREATE OR REPLACE FUNCTION type_system.scalar_token_out(type_system.scalar_token)
 RETURNS cstring
 LANGUAGE internal
 IMMUTABLE STRICT
AS $function$int4out$function$

```


## Object Privileges

### `schema public → PUBLIC USAGE`

**Object type:** `schema`

**Object:** `public`

**Grantor:** `pg_database_owner`

**Grantee:** `PUBLIC`

**Privilege:** `USAGE`



### `schema public → pg_database_owner CREATE`

**Object type:** `schema`

**Object:** `public`

**Grantor:** `pg_database_owner`

**Grantee:** `pg_database_owner`

**Privilege:** `CREATE`



### `schema public → pg_database_owner USAGE`

**Object type:** `schema`

**Object:** `public`

**Grantor:** `pg_database_owner`

**Grantee:** `pg_database_owner`

**Privilege:** `USAGE`



## Extensions

### `plpgsql`

PL/pgSQL procedural language

**Owner:** `postgres`

**Schema:** `pg_catalog`

**Version:** `1.0`

**Relocatable:** no

**Owned objects:** 4 (`function`: 3, `language`: 1)
