---
source: crates/backends/postgres/tests/postgres.rs
expression: snapshot
---
id: tenancy
display_name: ~
catalog:
  database:
    name: dbmd_test_21e1fa1c2b24a964
    owner: postgres
    encoding: UTF8
    locale_provider: libc
    lc_collate: en_US.utf8
    lc_ctype: en_US.utf8
    locale: ~
    icu_rules: ~
    collation_version: ~
    tablespace: pg_default
    template: false
    allow_connections: true
    connection_limit: -1
    configuration: []
    comment: ~
  cluster_databases: []
  tablespaces: []
  namespaces:
    - name: public
      owner: pg_database_owner
      extension: ~
      comment: standard public schema
    - name: tenancy
      owner: postgres
      extension: ~
      comment: ~
  enums: []
  composite_types: []
  domains: []
  base_types: []
  range_types: []
  sequences: []
  tables:
    - namespace: tenancy
      name: base_events
      extension: ~
      comment: ~
      columns:
        - name: tenant_id
          data_type: bigint
          collation: ~
          nullable: false
          default: ~
          comment: ~
          enum_values: []
          identity: ~
          generated: ~
          storage: plain
          compression: ~
          statistics_target: -1
          options: []
          foreign_options: []
          locally_defined: true
          inheritance_count: 0
        - name: payload
          data_type: jsonb
          collation: ~
          nullable: false
          default: ~
          comment: ~
          enum_values: []
          identity: ~
          generated: ~
          storage: extended
          compression: ~
          statistics_target: -1
          options: []
          foreign_options: []
          locally_defined: true
          inheritance_count: 0
      constraints:
        - name: base_events_payload_not_null
          kind: not_null
          columns:
            - payload
          expression: ~
          references: ~
          definition: NOT NULL payload
          exclusion_operators: []
          deferrable: false
          initially_deferred: false
          enforced: true
          validated: true
          locally_defined: true
          no_inherit: false
          temporal: false
          comment: ~
        - name: base_events_tenant_id_not_null
          kind: not_null
          columns:
            - tenant_id
          expression: ~
          references: ~
          definition: NOT NULL tenant_id
          exclusion_operators: []
          deferrable: false
          initially_deferred: false
          enforced: true
          validated: true
          locally_defined: true
          no_inherit: false
          temporal: false
          comment: ~
      indexes: []
      kind: table
      owner: postgres
      persistence: permanent
      access_method: heap
      typed_table: ~
      replica_identity: default
      options: []
      foreign: ~
      tablespace: ~
      inherits: []
      partition_key: ~
      partition_parent: ~
      partition_bound: ~
      row_level_security: true
      force_row_level_security: true
      policies:
        - name: tenant_events
          permissive: false
          command: select
          roles:
            - PUBLIC
          using_expression: "tenant_id = current_setting('app.tenant_id'::text)::bigint"
          check_expression: ~
          comment: Restricts events to the active tenant
    - namespace: tenancy
      name: events
      extension: ~
      comment: ~
      columns:
        - name: tenant_id
          data_type: bigint
          collation: ~
          nullable: false
          default: ~
          comment: ~
          enum_values: []
          identity: ~
          generated: ~
          storage: plain
          compression: ~
          statistics_target: -1
          options: []
          foreign_options: []
          locally_defined: true
          inheritance_count: 0
        - name: created_at
          data_type: date
          collation: ~
          nullable: false
          default: ~
          comment: ~
          enum_values: []
          identity: ~
          generated: ~
          storage: plain
          compression: ~
          statistics_target: -1
          options: []
          foreign_options: []
          locally_defined: true
          inheritance_count: 0
        - name: payload
          data_type: jsonb
          collation: ~
          nullable: false
          default: ~
          comment: ~
          enum_values: []
          identity: ~
          generated: ~
          storage: extended
          compression: ~
          statistics_target: -1
          options: []
          foreign_options: []
          locally_defined: true
          inheritance_count: 0
      constraints:
        - name: events_created_at_not_null
          kind: not_null
          columns:
            - created_at
          expression: ~
          references: ~
          definition: NOT NULL created_at
          exclusion_operators: []
          deferrable: false
          initially_deferred: false
          enforced: true
          validated: true
          locally_defined: true
          no_inherit: false
          temporal: false
          comment: ~
        - name: events_payload_not_null
          kind: not_null
          columns:
            - payload
          expression: ~
          references: ~
          definition: NOT NULL payload
          exclusion_operators: []
          deferrable: false
          initially_deferred: false
          enforced: true
          validated: true
          locally_defined: true
          no_inherit: false
          temporal: false
          comment: ~
        - name: events_tenant_id_not_null
          kind: not_null
          columns:
            - tenant_id
          expression: ~
          references: ~
          definition: NOT NULL tenant_id
          exclusion_operators: []
          deferrable: false
          initially_deferred: false
          enforced: true
          validated: true
          locally_defined: true
          no_inherit: false
          temporal: false
          comment: ~
      indexes:
        - name: events_created_idx
          extension: ~
          unique: false
          terms:
            - target:
                column: created_at
              collation: ~
              operator_class: pg_catalog.date_ops
              operator_class_parameters: []
              order: ascending
              nulls_order: last
          predicate: ~
          definition: CREATE INDEX events_created_idx ON ONLY tenancy.events USING btree (created_at)
          method: btree
          included_columns: []
          nulls_not_distinct: false
          valid: true
          ready: true
          clustered: false
          replica_identity: false
          owner: postgres
          tablespace: ~
          options: []
          partitioned: true
          parent_index: ~
          constraint: ~
          comment: ~
      kind: partitioned_table
      owner: postgres
      persistence: permanent
      access_method: ~
      typed_table: ~
      replica_identity: default
      options: []
      foreign: ~
      tablespace: ~
      inherits: []
      partition_key: RANGE (created_at)
      partition_parent: ~
      partition_bound: ~
      row_level_security: false
      force_row_level_security: false
      policies: []
    - namespace: tenancy
      name: events_2025
      extension: ~
      comment: ~
      columns:
        - name: tenant_id
          data_type: bigint
          collation: ~
          nullable: false
          default: ~
          comment: ~
          enum_values: []
          identity: ~
          generated: ~
          storage: plain
          compression: ~
          statistics_target: -1
          options: []
          foreign_options: []
          locally_defined: false
          inheritance_count: 1
        - name: created_at
          data_type: date
          collation: ~
          nullable: false
          default: ~
          comment: ~
          enum_values: []
          identity: ~
          generated: ~
          storage: plain
          compression: ~
          statistics_target: -1
          options: []
          foreign_options: []
          locally_defined: false
          inheritance_count: 1
        - name: payload
          data_type: jsonb
          collation: ~
          nullable: false
          default: ~
          comment: ~
          enum_values: []
          identity: ~
          generated: ~
          storage: extended
          compression: ~
          statistics_target: -1
          options: []
          foreign_options: []
          locally_defined: false
          inheritance_count: 1
      constraints:
        - name: events_created_at_not_null
          kind: not_null
          columns:
            - created_at
          expression: ~
          references: ~
          definition: NOT NULL created_at
          exclusion_operators: []
          deferrable: false
          initially_deferred: false
          enforced: true
          validated: true
          locally_defined: false
          no_inherit: false
          temporal: false
          comment: ~
        - name: events_payload_not_null
          kind: not_null
          columns:
            - payload
          expression: ~
          references: ~
          definition: NOT NULL payload
          exclusion_operators: []
          deferrable: false
          initially_deferred: false
          enforced: true
          validated: true
          locally_defined: false
          no_inherit: false
          temporal: false
          comment: ~
        - name: events_tenant_id_not_null
          kind: not_null
          columns:
            - tenant_id
          expression: ~
          references: ~
          definition: NOT NULL tenant_id
          exclusion_operators: []
          deferrable: false
          initially_deferred: false
          enforced: true
          validated: true
          locally_defined: false
          no_inherit: false
          temporal: false
          comment: ~
      indexes:
        - name: events_2025_created_idx
          extension: ~
          unique: false
          terms:
            - target:
                column: created_at
              collation: ~
              operator_class: pg_catalog.date_ops
              operator_class_parameters: []
              order: ascending
              nulls_order: last
          predicate: ~
          definition: "CREATE INDEX events_2025_created_idx ON tenancy.events_2025 USING btree (created_at) WITH (fillfactor='76')"
          method: btree
          included_columns: []
          nulls_not_distinct: false
          valid: true
          ready: true
          clustered: false
          replica_identity: false
          owner: postgres
          tablespace: ~
          options:
            - fillfactor=76
          partitioned: false
          parent_index: tenancy.events_created_idx
          constraint: ~
          comment: ~
      kind: partition
      owner: postgres
      persistence: permanent
      access_method: heap
      typed_table: ~
      replica_identity: default
      options: []
      foreign: ~
      tablespace: ~
      inherits:
        - tenancy.events
      partition_key: ~
      partition_parent: tenancy.events
      partition_bound: "FOR VALUES FROM ('2025-01-01') TO ('2026-01-01')"
      row_level_security: false
      force_row_level_security: false
      policies: []
    - namespace: tenancy
      name: special_events
      extension: ~
      comment: ~
      columns:
        - name: tenant_id
          data_type: bigint
          collation: ~
          nullable: false
          default: ~
          comment: ~
          enum_values: []
          identity: ~
          generated: ~
          storage: plain
          compression: ~
          statistics_target: -1
          options: []
          foreign_options: []
          locally_defined: false
          inheritance_count: 1
        - name: payload
          data_type: jsonb
          collation: ~
          nullable: false
          default: ~
          comment: ~
          enum_values: []
          identity: ~
          generated: ~
          storage: extended
          compression: ~
          statistics_target: -1
          options: []
          foreign_options: []
          locally_defined: false
          inheritance_count: 1
        - name: category
          data_type: text
          collation: "pg_catalog.\"default\""
          nullable: false
          default: ~
          comment: ~
          enum_values: []
          identity: ~
          generated: ~
          storage: extended
          compression: ~
          statistics_target: -1
          options: []
          foreign_options: []
          locally_defined: true
          inheritance_count: 0
      constraints:
        - name: base_events_payload_not_null
          kind: not_null
          columns:
            - payload
          expression: ~
          references: ~
          definition: NOT NULL payload
          exclusion_operators: []
          deferrable: false
          initially_deferred: false
          enforced: true
          validated: true
          locally_defined: false
          no_inherit: false
          temporal: false
          comment: ~
        - name: base_events_tenant_id_not_null
          kind: not_null
          columns:
            - tenant_id
          expression: ~
          references: ~
          definition: NOT NULL tenant_id
          exclusion_operators: []
          deferrable: false
          initially_deferred: false
          enforced: true
          validated: true
          locally_defined: false
          no_inherit: false
          temporal: false
          comment: ~
        - name: special_events_category_not_null
          kind: not_null
          columns:
            - category
          expression: ~
          references: ~
          definition: NOT NULL category
          exclusion_operators: []
          deferrable: false
          initially_deferred: false
          enforced: true
          validated: true
          locally_defined: true
          no_inherit: false
          temporal: false
          comment: ~
      indexes: []
      kind: table
      owner: postgres
      persistence: permanent
      access_method: heap
      typed_table: ~
      replica_identity: default
      options: []
      foreign: ~
      tablespace: ~
      inherits:
        - tenancy.base_events
      partition_key: ~
      partition_parent: ~
      partition_bound: ~
      row_level_security: false
      force_row_level_security: false
      policies: []
  views: []
  triggers: []
  functions: []
  procedures: []
  aggregates: []
  casts: []
  conversions: []
  operators: []
  operator_families: []
  operator_classes: []
  access_methods: []
  languages:
    - name: plpgsql
      owner: postgres
      extension: plpgsql
      procedural: true
      trusted: true
      handler: pg_catalog.plpgsql_call_handler()
      inline_handler: pg_catalog.plpgsql_inline_handler(pg_catalog.internal)
      validator: pg_catalog.plpgsql_validator(pg_catalog.oid)
      comment: PL/pgSQL procedural language
  transforms: []
  rules: []
  event_triggers: []
  statistics: []
  foreign_data_wrappers: []
  foreign_servers: []
  user_mappings: []
  text_search_parsers: []
  text_search_templates: []
  text_search_dictionaries: []
  text_search_configurations: []
  extensions:
    - name: plpgsql
      owner: postgres
      namespace: pg_catalog
      relocatable: false
      version: "1.0"
      configuration: []
      members:
        - object_type: function
          names:
            - pg_catalog
            - plpgsql_call_handler
          arguments: []
        - object_type: function
          names:
            - pg_catalog
            - plpgsql_inline_handler
          arguments:
            - pg_catalog.internal
        - object_type: function
          names:
            - pg_catalog
            - plpgsql_validator
          arguments:
            - pg_catalog.oid
        - object_type: language
          names:
            - plpgsql
          arguments: []
      comment: PL/pgSQL procedural language
  publications: []
  subscriptions: []
  privileges:
    - object_kind: schema
      object_identity: public
      grantor: pg_database_owner
      grantee: PUBLIC
      privilege: usage
      grantable: false
    - object_kind: schema
      object_identity: public
      grantor: pg_database_owner
      grantee: pg_database_owner
      privilege: create
      grantable: false
    - object_kind: schema
      object_identity: public
      grantor: pg_database_owner
      grantee: pg_database_owner
      privilege: usage
      grantable: false
  default_privileges: []
  security_labels: []
  large_objects: []
  roles: []
  role_database_settings: []
  collations: []
