---
source: crates/backends/duckdb/tests/duckdb.rs
expression: stable_catalog
---
databases:
  - name: app
    path: "[DATABASE PATH]"
    comment: ~
    database_type: duckdb
    readonly: true
  - name: warehouse
    path: "[DATABASE PATH]"
    comment: ~
    database_type: duckdb
    readonly: true
schemas:
  - database: app
    name: analytics
    comment: ~
tables:
  - database: app
    schema: analytics
    name: accounts
    comment: User accounts
    temporary: false
    columns:
      - name: tenant_id
        position: 1
        data_type: BIGINT
        nullable: false
        default: ~
        generated_expression: ~
        comment: ~
      - name: account_id
        position: 2
        data_type: BIGINT
        nullable: false
        default: "nextval('analytics.account_id_seq')"
        generated_expression: ~
        comment: ~
      - name: email
        position: 3
        data_type: VARCHAR
        nullable: false
        default: ~
        generated_expression: ~
        comment: Canonical email address
      - name: normalized_email
        position: 4
        data_type: VARCHAR
        nullable: true
        default: ~
        generated_expression: CAST(lower(email) AS VARCHAR)
        comment: ~
      - name: status
        position: 5
        data_type: "ENUM('active', 'disabled')"
        nullable: false
        default: "'active'"
        generated_expression: ~
        comment: ~
      - name: balance
        position: 6
        data_type: "DECIMAL(18,2)"
        nullable: false
        default: "0"
        generated_expression: ~
        comment: ~
      - name: metadata
        position: 7
        data_type: "STRUCT(\"source\" VARCHAR, tags VARCHAR[])"
        nullable: true
        default: ~
        generated_expression: ~
        comment: ~
    constraints:
      - catalog_index: 0
        kind: NOT NULL
        text: NOT NULL
        expression: ~
        columns:
          - tenant_id
      - catalog_index: 1
        kind: FOREIGN KEY
        text: FOREIGN KEY (tenant_id) REFERENCES analytics.tenants(tenant_id)
        expression: ~
        columns:
          - tenant_id
      - catalog_index: 2
        kind: PRIMARY KEY
        text: PRIMARY KEY(account_id)
        expression: ~
        columns:
          - account_id
      - catalog_index: 3
        kind: NOT NULL
        text: NOT NULL
        expression: ~
        columns:
          - email
      - catalog_index: 4
        kind: NOT NULL
        text: NOT NULL
        expression: ~
        columns:
          - status
      - catalog_index: 5
        kind: NOT NULL
        text: NOT NULL
        expression: ~
        columns:
          - balance
      - catalog_index: 6
        kind: UNIQUE
        text: "UNIQUE(tenant_id, email)"
        expression: ~
        columns:
          - tenant_id
          - email
      - catalog_index: 7
        kind: CHECK
        text: CHECK((balance >= 0))
        expression: (balance >= 0)
        columns:
          - balance
      - catalog_index: 8
        kind: NOT NULL
        text: NOT NULL
        expression: ~
        columns:
          - account_id
    indexes:
      - name: accounts_email_idx
        unique: false
        primary: false
        expressions: "[email]"
        comment: ~
        definition: CREATE INDEX accounts_email_idx ON analytics.accounts(email);
    definition: "CREATE TABLE analytics.accounts(tenant_id BIGINT NOT NULL, account_id BIGINT DEFAULT(nextval('analytics.account_id_seq')) PRIMARY KEY, email VARCHAR NOT NULL, normalized_email VARCHAR GENERATED ALWAYS AS(lower(email)), status ENUM('active', 'disabled') DEFAULT('active') NOT NULL, balance DECIMAL(18,2) DEFAULT(0) NOT NULL, metadata STRUCT(\"source\" VARCHAR, tags VARCHAR[]), FOREIGN KEY (tenant_id) REFERENCES analytics.tenants(tenant_id), UNIQUE(tenant_id, email), CHECK((balance >= 0)));"
  - database: app
    schema: analytics
    name: tenants
    comment: Application tenants
    temporary: false
    columns:
      - name: tenant_id
        position: 1
        data_type: BIGINT
        nullable: false
        default: ~
        generated_expression: ~
        comment: ~
      - name: name
        position: 2
        data_type: VARCHAR
        nullable: false
        default: ~
        generated_expression: ~
        comment: ~
    constraints:
      - catalog_index: 9
        kind: PRIMARY KEY
        text: PRIMARY KEY(tenant_id)
        expression: ~
        columns:
          - tenant_id
      - catalog_index: 10
        kind: NOT NULL
        text: NOT NULL
        expression: ~
        columns:
          - name
      - catalog_index: 11
        kind: UNIQUE
        text: "UNIQUE(\"name\")"
        expression: ~
        columns:
          - name
      - catalog_index: 12
        kind: NOT NULL
        text: NOT NULL
        expression: ~
        columns:
          - tenant_id
    indexes: []
    definition: "CREATE TABLE analytics.tenants(tenant_id BIGINT PRIMARY KEY, \"name\" VARCHAR NOT NULL UNIQUE);"
  - database: warehouse
    schema: main
    name: facts
    comment: ~
    temporary: false
    columns:
      - name: id
        position: 1
        data_type: BIGINT
        nullable: false
        default: ~
        generated_expression: ~
        comment: ~
      - name: amount
        position: 2
        data_type: "DECIMAL(18,2)"
        nullable: true
        default: ~
        generated_expression: ~
        comment: ~
    constraints:
      - catalog_index: 13
        kind: PRIMARY KEY
        text: PRIMARY KEY(id)
        expression: ~
        columns:
          - id
      - catalog_index: 14
        kind: NOT NULL
        text: NOT NULL
        expression: ~
        columns:
          - id
    indexes: []
    definition: "CREATE TABLE facts(id BIGINT PRIMARY KEY, amount DECIMAL(18,2));"
views:
  - database: app
    schema: analytics
    name: active_accounts
    comment: Active accounts only
    temporary: false
    definition: "CREATE VIEW analytics.active_accounts AS SELECT tenant_id, account_id, email FROM analytics.accounts WHERE (status = 'active');"
sequences:
  - database: app
    schema: analytics
    name: account_id_seq
    comment: Account identifiers
    temporary: false
    start: 1000
    minimum: 1
    maximum: 9223372036854775807
    increment: 10
    cycle: false
    definition: CREATE SEQUENCE account_id_seq INCREMENT BY 10 MINVALUE 1 MAXVALUE 9223372036854775807 START 1000 NO CYCLE;
types:
  - database: app
    schema: analytics
    name: account_status
    logical_type: ENUM
    category: ~
    labels:
      - active
      - disabled
    comment: Account lifecycle
functions:
  - database: app
    schema: analytics
    name: accounts_for_tenant
    kind: table_macro
    description: ~
    comment: ~
    return_type: ~
    parameters:
      - owner_id
    parameter_types: []
    varargs: ~
    definition: SELECT * FROM analytics.accounts WHERE (tenant_id = owner_id)
    side_effects: ~
    stability: ~
  - database: app
    schema: analytics
    name: normalize_email
    kind: macro
    description: ~
    comment: ~
    return_type: ~
    parameters:
      - value
    parameter_types: []
    varargs: ~
    definition: "lower(\"value\")"
    side_effects: ~
    stability: ~
extensions:
  - name: core_functions
    loaded: true
    installed: true
    version: ~
    description: Core function library
