---
source: crates/introspect/tests/sqlite.rs
expression: snapshot
---
id: app
display_name: ~
backend: sqlite
tables:
  - namespace: main
    name: albums
    comment: ~
    columns:
      - name: artist
        data_type: TEXT
        nullable: false
        default: ~
        comment: ~
        backend:
          backend: sqlite
          kind: normal
          collation: BINARY
          generated_expression: ~
      - name: title
        data_type: TEXT
        nullable: false
        default: ~
        comment: ~
        backend:
          backend: sqlite
          kind: normal
          collation: BINARY
          generated_expression: ~
    constraints:
      - name: ~
        kind: not_null
        columns:
          - artist
        expression: ~
        references: ~
        backend:
          backend: sqlite
          conflict_resolution: ~
          auto_increment: false
          declared_on_column: true
      - name: ~
        kind: not_null
        columns:
          - title
        expression: ~
        references: ~
        backend:
          backend: sqlite
          conflict_resolution: ~
          auto_increment: false
          declared_on_column: true
      - name: ~
        kind: primary_key
        columns:
          - artist
          - title
        expression: ~
        references: ~
        backend:
          backend: sqlite
          conflict_resolution: ~
          auto_increment: false
          declared_on_column: false
    indexes:
      - name: sqlite_autoindex_albums_1
        unique: true
        terms:
          - target:
              column: artist
            collation: BINARY
            order: ascending
          - target:
              column: title
            collation: BINARY
            order: ascending
        predicate: ~
        definition: ~
        backend:
          backend: sqlite
          origin: primary_key
    backend:
      backend: sqlite
      without_rowid: true
      strict: false
      definition: "CREATE TABLE albums (\n    artist TEXT NOT NULL,\n    title TEXT NOT NULL,\n    PRIMARY KEY (artist, title)\n) WITHOUT ROWID"
      kind:
        kind: ordinary
  - namespace: main
    name: tracks
    comment: ~
    columns:
      - name: id
        data_type: INTEGER
        nullable: false
        default: ~
        comment: ~
        backend:
          backend: sqlite
          kind: normal
          collation: BINARY
          generated_expression: ~
      - name: album_artist
        data_type: TEXT
        nullable: false
        default: ~
        comment: ~
        backend:
          backend: sqlite
          kind: normal
          collation: BINARY
          generated_expression: ~
      - name: album_title
        data_type: TEXT
        nullable: false
        default: ~
        comment: ~
        backend:
          backend: sqlite
          kind: normal
          collation: BINARY
          generated_expression: ~
      - name: name
        data_type: TEXT
        nullable: false
        default: ~
        comment: ~
        backend:
          backend: sqlite
          kind: normal
          collation: BINARY
          generated_expression: ~
    constraints:
      - name: ~
        kind: primary_key
        columns:
          - id
        expression: ~
        references: ~
        backend:
          backend: sqlite
          conflict_resolution: ~
          auto_increment: false
          declared_on_column: true
      - name: ~
        kind: not_null
        columns:
          - id
        expression: ~
        references: ~
        backend:
          backend: sqlite
          conflict_resolution: ~
          auto_increment: false
          declared_on_column: true
      - name: ~
        kind: not_null
        columns:
          - album_artist
        expression: ~
        references: ~
        backend:
          backend: sqlite
          conflict_resolution: ~
          auto_increment: false
          declared_on_column: true
      - name: ~
        kind: not_null
        columns:
          - album_title
        expression: ~
        references: ~
        backend:
          backend: sqlite
          conflict_resolution: ~
          auto_increment: false
          declared_on_column: true
      - name: ~
        kind: not_null
        columns:
          - name
        expression: ~
        references: ~
        backend:
          backend: sqlite
          conflict_resolution: ~
          auto_increment: false
          declared_on_column: true
      - name: ~
        kind: foreign_key
        columns:
          - album_artist
          - album_title
        expression: ~
        references:
          namespace: main
          table: albums
          columns:
            - artist
            - title
          on_update: cascade
          on_delete: restrict
          match_name: ~
          deferrability:
            deferrable: false
            initially: immediate
        backend:
          backend: sqlite
          conflict_resolution: ~
          auto_increment: false
          declared_on_column: false
    indexes: []
    backend:
      backend: sqlite
      without_rowid: false
      strict: false
      definition: "CREATE TABLE tracks (\n    id INTEGER PRIMARY KEY NOT NULL,\n    album_artist TEXT NOT NULL,\n    album_title TEXT NOT NULL,\n    name TEXT NOT NULL,\n    FOREIGN KEY (album_artist, album_title)\n        REFERENCES albums (artist, title)\n        ON UPDATE CASCADE\n        ON DELETE RESTRICT\n)"
      kind:
        kind: ordinary
views: []
triggers: []
functions: []
